#-----------------------------------------------------------
# Vivado v2020.2 (64-bit)
# SW Build 3064766 on Wed Nov 18 09:12:45 MST 2020
# IP Build 3064653 on Wed Nov 18 14:17:31 MST 2020
# Start of session at: Mon Apr 26 15:02:31 2021
# Process ID: 11232
# Current directory: C:/Users/tsope/Documents/GitHub/fpga_real_time_clock/fpga_real_time_clock
# Command line: vivado.exe -gui_launcher_event rodinguilauncherevent11164 C:\Users\tsope\Documents\GitHub\fpga_real_time_clock\fpga_real_time_clock\fpga_real_time_clock.xpr
# Log file: C:/Users/tsope/Documents/GitHub/fpga_real_time_clock/fpga_real_time_clock/vivado.log
# Journal file: C:/Users/tsope/Documents/GitHub/fpga_real_time_clock/fpga_real_time_clock\vivado.jou
#-----------------------------------------------------------
start_gui
open_project C:/Users/tsope/Documents/GitHub/fpga_real_time_clock/fpga_real_time_clock/fpga_real_time_clock.xpr
update_compile_order -fileset sources_1
open_hw_manager
connect_hw_server -allow_non_jtag
open_hw_target
set_property PROGRAM.FILE {C:/Users/tsope/Documents/GitHub/fpga_real_time_clock/fpga_real_time_clock/fpga_real_time_clock.runs/impl_1/fpga_clock.bit} [get_hw_devices xc7a100t_0]
current_hw_device [get_hw_devices xc7a100t_0]
refresh_hw_device -update_hw_probes false [lindex [get_hw_devices xc7a100t_0] 0]
set_property PROBES.FILE {} [get_hw_devices xc7a100t_0]
set_property FULL_PROBES.FILE {} [get_hw_devices xc7a100t_0]
set_property PROGRAM.FILE {C:/Users/tsope/Documents/GitHub/fpga_real_time_clock/fpga_real_time_clock/fpga_real_time_clock.runs/impl_1/fpga_clock.bit} [get_hw_devices xc7a100t_0]
program_hw_devices [get_hw_devices xc7a100t_0]
refresh_hw_device [lindex [get_hw_devices xc7a100t_0] 0]
